\BOOKMARK [1][-]{section.1}{\376\377\0001\000.\000\040\000S\000t\000a\000t\000e\000s\000\040\000o\000f\000\040\000a\000\040\000M\000o\000d\000e\000l\000\040\000S\000y\000s\000t\000e\000m}{}% 1
\BOOKMARK [1][-]{section.2}{\376\377\0002\000.\000\040\000E\000n\000t\000r\000o\000p\000y\000\040\000a\000n\000d\000\040\000T\000e\000m\000p\000e\000r\000a\000t\000u\000r\000e}{}% 2
\BOOKMARK [1][-]{section.3}{\376\377\0003\000.\000\040\000S\000e\000c\000o\000n\000d\000\040\000E\000d\000i\000t\000i\000o\000n\000\040}{}% 3
\BOOKMARK [2][-]{section*.1}{\376\377\000T\000h\000e\000r\000m\000a\000l\000\040\000E\000q\000u\000i\000l\000i\000b\000r\000i\000u\000m}{section.3}% 4
\BOOKMARK [2][-]{section*.2}{\376\377\000T\000e\000m\000p\000e\000r\000a\000t\000u\000r\000e}{section.3}% 5
